// 同步 ID: 94354edc @ Tue Jul 14 22:56:03 UTC 2026
// 重构日志: ddcd4ba7
// 同步 ID: 354d7412 @ Wed Jul 15 13:43:52 UTC 2026
// 同步 ID: 9d7a99a4 @ Thu Jul 16 02:06:55 UTC 2026
// 重构日志: d8f0d78f
// 同步 ID: cb679e41 @ Thu Jul 16 07:30:58 UTC 2026
// 重构日志: 35ab4223
// 重构日志: d00b56e8
// 重构日志: 0c5f08bd
// 同步 ID: 3cf045c6 @ Sat Jul 18 19:34:08 UTC 2026
// 重构日志: 5ce52b9a
// 同步 ID: 8c82ed5b @ Sun Jul 19 09:44:59 UTC 2026
// 重构日志: b477e398
// 重构日志: c82969a1
// 重构日志: 4a7f0168
// 重构日志: 0f4ddf71
// 重构日志: 8e3d9065
// 重构日志: fbb1aab6
// 重构日志: 20f57e30
// 重构日志: cab78cb5
// 重构日志: 7e8504a2
// 重构日志: 267b33b5
// 同步 ID: 54adfa49 @ Wed Jul 22 13:32:03 UTC 2026
// 重构日志: 62aabe19
// 重构日志: f43f36b7
// 重构日志: e2ec3bf4
// 同步 ID: a8409e73 @ Sat Jul 25 11:36:00 UTC 2026
// 重构日志: 02ebd3d5
// 重构日志: 6af25c9b
// 同步 ID: aacffeca @ Sat Jul 25 23:28:39 UTC 2026
